\BOOKMARK [1][-]{section.1}{\376\377\000I\000n\000t\000r\000o\000d\000u\000c\000t\000i\000o\000n}{}% 1
\BOOKMARK [1][-]{section.2}{\376\377\000S\000y\000s\000t\000e\000m\000\040\000A\000r\000c\000h\000i\000t\000e\000c\000t\000u\000r\000e}{}% 2
\BOOKMARK [2][-]{subsection.2.1}{\376\377\000C\000a\000p\000t\000u\000r\000e}{section.2}% 3
\BOOKMARK [2][-]{subsection.2.2}{\376\377\000H\000a\000n\000d\000l\000e\000-\000o\000f\000f\000s\000e\000t\000\040\000I\000n\000f\000e\000r\000e\000n\000c\000e}{section.2}% 4
\BOOKMARK [2][-]{subsection.2.3}{\376\377\000R\000e\000p\000l\000a\000y}{section.2}% 5
\BOOKMARK [1][-]{section.3}{\376\377\000T\000e\000s\000t\000\040\000P\000r\000o\000g\000r\000a\000m\000\040\000L\000a\000d\000d\000e\000r}{}% 6
\BOOKMARK [1][-]{section.4}{\376\377\000O\000p\000t\000i\000m\000i\000z\000e\000r\000\040\000H\000a\000r\000n\000e\000s\000s}{}% 7
\BOOKMARK [2][-]{subsection.4.1}{\376\377\000D\000e\000s\000i\000g\000n}{section.4}% 8
\BOOKMARK [2][-]{subsection.4.2}{\376\377\000H\000a\000r\000n\000e\000s\000s\000\040\000Y\000A\000M\000L\000\040\000F\000o\000r\000m\000a\000t}{section.4}% 9
\BOOKMARK [1][-]{section.5}{\376\377\000L\000i\000v\000e\000\040\000E\000v\000a\000l\000u\000a\000t\000i\000o\000n\000\040\000R\000e\000s\000u\000l\000t\000s}{}% 10
\BOOKMARK [2][-]{subsection.5.1}{\376\377\000B\000a\000s\000e\000l\000i\000n\000e\000\040\000V\000a\000l\000i\000d\000a\000t\000i\000o\000n}{section.5}% 11
\BOOKMARK [2][-]{subsection.5.2}{\376\377\000U\000n\000i\000t\000\040\000T\000e\000s\000t\000\040\000S\000u\000i\000t\000e}{section.5}% 12
\BOOKMARK [1][-]{section.6}{\376\377\000G\000E\000P\000A\000\040\000R\000e\000f\000l\000e\000c\000t\000i\000v\000e\000\040\000O\000p\000t\000i\000m\000i\000s\000a\000t\000i\000o\000n}{}% 13
\BOOKMARK [2][-]{subsection.6.1}{\376\377\000O\000v\000e\000r\000v\000i\000e\000w}{section.6}% 14
\BOOKMARK [2][-]{subsection.6.2}{\376\377\000S\000e\000e\000d\000\040\000H\000a\000r\000n\000e\000s\000s}{section.6}% 15
\BOOKMARK [2][-]{subsection.6.3}{\376\377\000R\000e\000f\000l\000e\000c\000t\000i\000o\000n\000\040\000w\000i\000t\000h\000\040\000L\000l\000a\000m\000a\000-\0003\000.\0002\000-\0001\000B\000\040\000\050\000w\000i\000r\000i\000n\000g\000\040\000p\000r\000o\000o\000f\000\051}{section.6}% 16
\BOOKMARK [2][-]{subsection.6.4}{\376\377\000R\000e\000f\000l\000e\000c\000t\000i\000o\000n\000\040\000w\000i\000t\000h\000\040\000G\000e\000m\000i\000n\000i\000\040\0002\000.\0000\000\040\000F\000l\000a\000s\000h\000\040\000\050\000r\000a\000t\000e\000-\000l\000i\000m\000i\000t\000e\000d\000\051}{section.6}% 17
\BOOKMARK [2][-]{subsection.6.5}{\376\377\000R\000e\000f\000l\000e\000c\000t\000i\000o\000n\000\040\000w\000i\000t\000h\000\040\000Q\000w\000e\000n\0002\000.\0005\000-\0007\000B\000-\000I\000n\000s\000t\000r\000u\000c\000t\000\040\000\050\000s\000u\000c\000c\000e\000s\000s\000f\000u\000l\000\040\000p\000r\000o\000p\000o\000s\000a\000l\000\051}{section.6}% 18
\BOOKMARK [1][-]{section.7}{\376\377\000E\000n\000g\000i\000n\000e\000e\000r\000i\000n\000g\000\040\000F\000i\000n\000d\000i\000n\000g\000s}{}% 19
\BOOKMARK [2][-]{subsection.7.1}{\376\377\000p\000y\000a\000i\000r\000p\000o\000r\000t\000s\000\040\000N\000a\000m\000e\000s\000p\000a\000c\000e\000\040\000S\000q\000u\000a\000t\000t\000e\000r}{section.7}% 20
\BOOKMARK [2][-]{subsection.7.2}{\376\377\000n\000u\000m\000p\000y\000\040\000<\000\040\0002\000\040\000R\000e\000q\000u\000i\000r\000e\000m\000e\000n\000t}{section.7}% 21
\BOOKMARK [2][-]{subsection.7.3}{\376\377\000C\000U\000D\000A\000\040\000G\000r\000a\000p\000h\000\040\000P\000r\000e\000-\000a\000l\000l\000o\000c\000a\000t\000i\000o\000n\000\040\000a\000n\000d\000\040\000t\000h\000e\000\040\040\023\000e\000n\000f\000o\000r\000c\000e\000-\000e\000a\000g\000e\000r\000\040\000F\000l\000a\000g}{section.7}% 22
\BOOKMARK [2][-]{subsection.7.4}{\376\377\000N\000F\000S\000\040\000D\000i\000s\000k\000\040\000Q\000u\000o\000t\000a\000\040\000a\000n\000d\000\040\000M\000o\000d\000e\000l\000\040\000D\000o\000w\000n\000l\000o\000a\000d}{section.7}% 23
\BOOKMARK [2][-]{subsection.7.5}{\376\377\000L\000l\000a\000m\000a\000-\0003\000.\0002\000-\0001\000B\000:\000\040\000M\000i\000s\000s\000i\000n\000g\000\040\000C\000h\000a\000t\000\040\000T\000e\000m\000p\000l\000a\000t\000e}{section.7}% 24
\BOOKMARK [2][-]{subsection.7.6}{\376\377\000L\000L\000M\000\040\000H\000a\000l\000l\000u\000c\000i\000n\000a\000t\000i\000o\000n\000\040\000o\000f\000\040\000N\000o\000n\000-\000e\000x\000i\000s\000t\000e\000n\000t\000\040\000P\000r\000o\000g\000r\000a\000m\000s}{section.7}% 25
\BOOKMARK [1][-]{section.8}{\376\377\000S\000c\000o\000r\000e\000\040\000P\000r\000o\000g\000r\000e\000s\000s\000i\000o\000n}{}% 26
\BOOKMARK [1][-]{section.9}{\376\377\000C\000I\000\040\000a\000n\000d\000\040\000S\000m\000o\000k\000e\000\040\000A\000u\000t\000o\000m\000a\000t\000i\000o\000n}{}% 27
\BOOKMARK [1][-]{section.10}{\376\377\000D\000i\000s\000c\000u\000s\000s\000i\000o\000n\000\040\000a\000n\000d\000\040\000F\000u\000t\000u\000r\000e\000\040\000W\000o\000r\000k}{}% 28
\BOOKMARK [1][-]{section.11}{\376\377\000C\000o\000n\000c\000l\000u\000s\000i\000o\000n}{}% 29
